
> Task :compileJava
.\gradlew : D:\berodu\SORIN\project\Magazine\src\main\java\com
\koreazinc\sabosystem\security\JwtTokenProvider.java:99: error
: cannot find symbol
위치 줄:1 문자:1
+ .\gradlew compileJava > build_error.log 2>&1
+ ~~~~~~~~~~~~~~~~~~~~~~~~~~~~~~~~~~~~~~~~~~~~
    + CategoryInfo          : NotSpecified: (D:\berodu\SORIN. 
   ..not find symbol:String) [], RemoteException
    + FullyQualifiedErrorId : NativeCommandError
 
            Jwts.parserBuilder().setSigningKey(key).build().pa
rseClaimsJws(token);
                ^
  symbol:   method parserBuilder()
  location: class Jwts
D:\berodu\SORIN\project\Magazine\src\main\java\com\koreazinc\s
abosystem\security\JwtTokenProvider.java:115: error: cannot fi
nd symbol
            return Jwts.parserBuilder().setSigningKey(key).bui
ld().parseClaimsJws(accessToken).getBody();
                       ^
  symbol:   method parserBuilder()
  location: class Jwts
Note: D:\berodu\SORIN\project\Magazine\src\main\java\com\korea
zinc\sabosystem\security\JwtTokenProvider.java uses or overrid
es a deprecated API.
Note: Recompile with -Xlint:deprecation for details.
2 errors

> Task :compileJava FAILED

FAILURE: Build failed with an exception.

* What went wrong:
Execution failed for task ':compileJava'.
> Compilation failed; see the compiler error output for detail
s.

* Try:
> Run with --info option to get more log output.
> Run with --scan to get full insights.

1 actionable task: 1 executed
BUILD FAILED in 4s
